Microchip MPLAB XC8 Compiler V2.41

Linker command line:

-W-3 \
  --edf=C:/Program Files/Microchip/MPLABX/v6.10/packs/Microchip/PIC18Fxxxx_DFP/1.4.151/xc8\pic\dat\20230323171731_en.msgs \
  -cn -h+dist/default/debug\Appliction.X.debug.sym \
  --cmf=dist/default/debug\Appliction.X.debug.cmf -z -Q18F4620 \
  -oC:\Users\ACC\AppData\Local\Temp\xcAscpc.\driver_tmp_3.o \
  --defsym=__MPLAB_BUILD=1 --fixupoverflow=error \
  -Mdist/default/debug/Appliction.X.debug.map \
  --md=C:\Users\ACC\AppData\Local\Temp\xcAscpc.\driver_tmp_0.dat -E1 \
  -ver=XC8 Compiler --acfsm=1493 -ACODE=00h-0FFFFh -ACONST=00h-0FFFFh \
  -ASMALLCONST=01000h-010FFhx240 -AMEDIUMCONST=01000h-0FFFFh \
  -ACOMRAM=01h-07Fh -AABS1=00h-0F7Fh -ABIGRAM=01h-0F7Fh \
  -ARAM=080h-0FFh,0100h-01FFhx14,0F00h-0F7Fh -ABANK0=080h-0FFh \
  -ABANK1=0100h-01FFh -ABANK2=0200h-02FFh -ABANK3=0300h-03FFh \
  -ABANK4=0400h-04FFh -ABANK5=0500h-05FFh -ABANK6=0600h-06FFh \
  -ABANK7=0700h-07FFh -ABANK8=0800h-08FFh -ABANK9=0900h-09FFh \
  -ABANK10=0A00h-0AFFh -ABANK11=0B00h-0BFFh -ABANK12=0C00h-0CFFh \
  -ABANK13=0D00h-0DFFh -ABANK14=0E00h-0EFFh -ABANK15=0F00h-0F7Fh \
  -ASFR=0F80h-0FFFh -ABIGSFR=0F80h-0FFFh -ACONFIG=0300000h-030000Dh \
  -AIDLOC=0200000h-0200007h -AEEDATA=0F00000h-0F003FFh -peeprom_data=EEDATA \
  -preset_vec=00h,intcode=08h,intcodelo,powerup,init -pramtop=01000h \
  -psmallconst=SMALLCONST -pmediumconst=MEDIUMCONST -pconst=CONST \
  -AFARRAM=00h-00h \
  -prdata=COMRAM,nvrram=COMRAM,nvbit=COMRAM,rbss=COMRAM,rbit=COMRAM \
  -pfarbss=FARRAM,fardata=FARRAM,nvFARRAM=FARRAM \
  -pintsave_regs=BIGRAM,bigbss=BIGRAM,bigdata=BIGRAM -pbss=RAM \
  -pidata=CODE,irdata=CODE,ibigdata=CODE,ifardata=CODE -prparam=COMRAM \
  C:\Users\ACC\AppData\Local\Temp\xcAscpc.\driver_tmp_14.o \
  dist/default/debug\Appliction.X.debug.o 

Object code version is 3.11

Machine type is 18F4620



                Name                               Link     Load   Length Selector   Space Scale
C:\Users\ACC\AppData\Local\Temp\xcAscpc.\driver_tmp_14.o
                config                           300000   300000        E        0       4
                init                                  E        E        4        4       0
                reset_vec                             0        0        4        0       0
dist/default/debug\Appliction.X.debug.o
                intcode                               8        8        6        4       0
                config                           300000   300000        E        0       4
                temp                                 73       73        1        1       1
                smallconst                         1000     1000       5E      800       0
                text62                             3B60     3B60       B0      82F       0
                text61                             456E     456E       1A     2238       0
                text60                             4470     4470       30     2238       0
                text59                             45E6     45E6        4     22CD       0
                text58                             45E2     45E2        4     22CD       0
                text57                             45DE     45DE        4     22CD       0
                text56                             45DA     45DA        4     22CD       0
                text55                             45D6     45D6        4     22CD       0
                text54                             4554     4554       1A     2238       0
                text53                             453A     453A       1A     2238       0
                text52                             4520     4520       1A     2238       0
                text51                             4506     4506       1A     2238       0
                text50                             45B6     45B6        E     22CD       0
                text49                             45A8     45A8        E     22CD       0
                text48                             45CE     45CE        8     22CD       0
                text47                             459A     459A        E     22CD       0
                intcode_body                       2242     2242      386      82F       0
                text45                             36CA     36CA       DC      82F       0
                text44                             43FE     43FE       3A      82F       0
                text43                             44C8     44C8       24     2238       0
                text42                             433E     433E       42      82F       0
                text41                             3FD4     3FD4       6E      82F       0
                text40                             40AE     40AE       66      82F       0
                text39                             15BE     15BE      4C0      82F       0
                text38                             1EA8     1EA8      39A      82F       0
                text37                             1A7E     1A7E      42A      82F       0
                text36                             35C4     35C4      106      82F       0
                text35                             2B30     2B30      1B4      82F       0
                text34                             28B8     28B8      278      82F       0
                text33                             3EF2     3EF2       74      82F       0
                text32                             34BE     34BE      106      82F       0
                text31                             4114     4114       5C      82F       0
                text30                             2FF0     2FF0      144      82F       0
                text29                             3392     3392      12C      82F       0
                text28                             4042     4042       6C      82F       0
                text27                             105E     105E      560      82F       0
                text26                             3C10     3C10       A0      82F       0
                text25                             44A0     44A0       28     2238       0
                text24                             43C0     43C0       3E      82F       0
                text23                             421A     421A       4E      82F       0
                text22                             3DE2     3DE2       96      82F       0
                text21                             3134     3134      132      82F       0
                text20                             44EC     44EC       1A     2238       0
                text19                             45C4     45C4        A     22CD       0
                text18                             2E7A     2E7A      176      82F       0
                text17                             3870     3870       C4      82F       0
                text16                             3AB0     3AB0       B0      82F       0
                text15                             4380     4380       40      82F       0
                text14                             45EA     45EA        2     22CD       0
                text13                             37A6     37A6       CA      82F       0
                text12                             42FA     42FA       44      82F       0
                text11                             3E78     3E78       7A      82F       0
                text10                             2CE4     2CE4      196      82F       0
                text9                              3266     3266      12C      82F       0
                text8                              41CA     41CA       50      82F       0
                text7                              4268     4268       4C      82F       0
                text6                              39F6     39F6       BA      82F       0
                text5                              42B4     42B4       46      82F       0
                text4                              3D4C     3D4C       96      82F       0
                text3                              3CB0     3CB0       9C      82F       0
                text2                              3934     3934       C2      82F       0
                text1                              4170     4170       5A      82F       0
                text0                              25C8     25C8      2F0      82F       0
                cstackCOMRAM                          1        1       66        1       1
                cstackBANK0                          F3       F3        C       80       1
                cstackBANK1                         14D      14D        9      100       1
                dataBANK1                           13C      13C       11      100       1
                bssBANK1                            100      100       3C      100       1
                dataBANK0                            BC       BC       37       80       1
                bssBANK0                             80       80       3C       80       1
                bssCOMRAM                            67       67        C        1       1
                cinit                              3F66     3F66       6E      82F       0
                nvBANK0                              FF       FF        1       80       1
                idataBANK1                         4588     4588       11     2238       0
                idataBANK0                         4438     4438       37      82F       0

TOTAL           Name                               Link     Load   Length     Space
        CLASS   CODE           
                intcode                               8        8        6         0
                init                                  E        E        4         0
                reset_vec                             0        0        4         0
                text62                             3B60     3B60       B0         0
                text61                             456E     456E       1A         0
                text60                             4470     4470       30         0
                text59                             45E6     45E6        4         0
                text58                             45E2     45E2        4         0
                text57                             45DE     45DE        4         0
                text56                             45DA     45DA        4         0
                text55                             45D6     45D6        4         0
                text54                             4554     4554       1A         0
                text53                             453A     453A       1A         0
                text52                             4520     4520       1A         0
                text51                             4506     4506       1A         0
                text50                             45B6     45B6        E         0
                text49                             45A8     45A8        E         0
                text48                             45CE     45CE        8         0
                text47                             459A     459A        E         0
                intcode_body                       2242     2242      386         0
                text45                             36CA     36CA       DC         0
                text44                             43FE     43FE       3A         0
                text43                             44C8     44C8       24         0
                text42                             433E     433E       42         0
                text41                             3FD4     3FD4       6E         0
                text40                             40AE     40AE       66         0
                text39                             15BE     15BE      4C0         0
                text38                             1EA8     1EA8      39A         0
                text37                             1A7E     1A7E      42A         0
                text36                             35C4     35C4      106         0
                text35                             2B30     2B30      1B4         0
                text34                             28B8     28B8      278         0
                text33                             3EF2     3EF2       74         0
                text32                             34BE     34BE      106         0
                text31                             4114     4114       5C         0
                text30                             2FF0     2FF0      144         0
                text29                             3392     3392      12C         0
                text28                             4042     4042       6C         0
                text27                             105E     105E      560         0
                text26                             3C10     3C10       A0         0
                text25                             44A0     44A0       28         0
                text24                             43C0     43C0       3E         0
                text23                             421A     421A       4E         0
                text22                             3DE2     3DE2       96         0
                text21                             3134     3134      132         0
                text20                             44EC     44EC       1A         0
                text19                             45C4     45C4        A         0
                text18                             2E7A     2E7A      176         0
                text17                             3870     3870       C4         0
                text16                             3AB0     3AB0       B0         0
                text15                             4380     4380       40         0
                text14                             45EA     45EA        2         0
                text13                             37A6     37A6       CA         0
                text12                             42FA     42FA       44         0
                text11                             3E78     3E78       7A         0
                text10                             2CE4     2CE4      196         0
                text9                              3266     3266      12C         0
                text8                              41CA     41CA       50         0
                text7                              4268     4268       4C         0
                text6                              39F6     39F6       BA         0
                text5                              42B4     42B4       46         0
                text4                              3D4C     3D4C       96         0
                text3                              3CB0     3CB0       9C         0
                text2                              3934     3934       C2         0
                text1                              4170     4170       5A         0
                text0                              25C8     25C8      2F0         0
                cinit                              3F66     3F66       6E         0
                idataBANK1                         4588     4588       11         0
                idataBANK0                         4438     4438       37         0

        CLASS   CONST          

        CLASS   SMALLCONST     
                smallconst                         1000     1000       5E         0

        CLASS   MEDIUMCONST    

        CLASS   COMRAM         
                temp                                 73       73        1         1
                cstackCOMRAM                          1        1       66         1
                bssCOMRAM                            67       67        C         1

        CLASS   ABS1           

        CLASS   BIGRAM         

        CLASS   RAM            

        CLASS   BANK0          
                cstackBANK0                          F3       F3        C         1
                dataBANK0                            BC       BC       37         1
                bssBANK0                             80       80       3C         1
                nvBANK0                              FF       FF        1         1

        CLASS   BANK1          
                cstackBANK1                         14D      14D        9         1
                dataBANK1                           13C      13C       11         1
                bssBANK1                            100      100       3C         1

        CLASS   BANK2          

        CLASS   BANK3          

        CLASS   BANK4          

        CLASS   BANK5          

        CLASS   BANK6          

        CLASS   BANK7          

        CLASS   BANK8          

        CLASS   BANK9          

        CLASS   BANK10         

        CLASS   BANK11         

        CLASS   BANK12         

        CLASS   BANK13         

        CLASS   BANK14         

        CLASS   BANK15         

        CLASS   SFR            

        CLASS   BIGSFR         

        CLASS   CONFIG         
                config                           300000   300000        E         4

        CLASS   IDLOC          

        CLASS   EEDATA         

        CLASS   FARRAM         

        CLASS   HEAP           

        CLASS   STACK          



SEGMENTS        Name                           Load    Length   Top    Selector   Space  Class

                reset_vec                      000000  000004  000004         0       0  CODE    
                cstackCOMRAM                   000001  000073  000074         1       1  COMRAM  
                intcode                        000008  00000A  000012         4       0  CODE    
                bssBANK0                       000080  000080  000100        80       1  BANK0   
                bssBANK1                       000100  000056  000156       100       1  BANK1   
                smallconst                     001000  00005E  00105E       800       0  SMALLCON
                text27                         00105E  003411  00446F       82F       0  CODE    
                text60                         004470  000129  004599      2238       0  CODE    
                text47                         00459A  000052  0045EC      22CD       0  CODE    


UNUSED ADDRESS RANGES

        Name                Unused          Largest block    Delta
        BANK1            000156-0001FF               AA
        BANK10           000A00-000AFF              100
        BANK11           000B00-000BFF              100
        BANK12           000C00-000CFF              100
        BANK13           000D00-000DFF              100
        BANK14           000E00-000EFF              100
        BANK15           000F00-000F7F               80
        BANK2            000200-0002FF              100
        BANK3            000300-0003FF              100
        BANK4            000400-0004FF              100
        BANK5            000500-0005FF              100
        BANK6            000600-0006FF              100
        BANK7            000700-0007FF              100
        BANK8            000800-0008FF              100
        BANK9            000900-0009FF              100
        BIGRAM           000074-00007F                C
                         000156-000F7F              E2A
        BIGSFR           000F80-000FFF               80
        CODE             000004-000007                4
                         000012-000FFF              FEE
                         00446F-00446F                1
                         004599-004599                1
                         0045EC-00FFFF             BA14
        COMRAM           000074-00007F                C
        CONST            000004-000007                4
                         000012-000FFF              FEE
                         00446F-00446F                1
                         004599-004599                1
                         0045EC-00FFFF             BA14
        EEDATA           F00000-F003FF              400
        IDLOC            200000-200007                8
        MEDIUMCONST      00446F-00446F                1
                         004599-004599                1
                         0045EC-00FFFF             BA14
        RAM              000156-000F7F              100
        SFR              000F80-000FFF               80
        SMALLCONST       00446F-00446F                1
                         004599-004599                1
                         0045EC-00FFFF              100

                                  Symbol Table

?___awdiv                                   cstackCOMRAM 00000D
?___awmod                                   cstackCOMRAM 00000D
?___fladd                                   cstackCOMRAM 00004D
?___fldiv                                   cstackCOMRAM 000034
?___flmul                                   cstackCOMRAM 00001B
?___fltol                                   cstackCOMRAM 00005D
?___lwdiv                                   cstackCOMRAM 00000D
?___xxtofl                                  cstackCOMRAM 00000D
?_abs                                       cstackCOMRAM 000013
?_sprintf                                   cstackCOMRAM 00004B
?_vfprintf                                  cstackCOMRAM 000043
ADC_Read_Result@ADC_obj                     cstackCOMRAM 000001
ADC_Read_Result@Resualt                     cstackCOMRAM 000003
ADC_Read_Result@ret                         cstackCOMRAM 000008
ADC_Select_Channel@ADC_obj                  cstackCOMRAM 000010
ADC_Select_Channel@channel                  cstackCOMRAM 000012
ADC_Select_Channel@ret                      cstackCOMRAM 000014
ADC_StartConversion_INT@ADC_obj             cstackCOMRAM 000015
ADC_StartConversion_INT@channel             cstackCOMRAM 000017
ADC_StartConversion_INT@l_conversion_status cstackCOMRAM 000018
ADC_StartConversion_INT@ret                 cstackCOMRAM 000019
ADC_Start_Conversion@ADC_obj                cstackCOMRAM 00000D
ADC_Start_Conversion@ret                    cstackCOMRAM 00000F
ADC_configure_Channel@channel               cstackCOMRAM 00000F
ADC_init@ADC_obj                            cstackCOMRAM 000010
ADC_init@ret                                cstackCOMRAM 000013
CCP1_Compare_write_value@F3299              bssBANK0     0000A8
CCP_Init@ccp_obj                            cstackBANK0  0000F3
CCP_Init@ret                                cstackBANK1  000155
CCP_PWM_Start@ccp_obj                       cstackCOMRAM 00000D
CCP_PWM_Start@ret                           cstackCOMRAM 000010
CCP_PWM_Stop@ccp_obj                        cstackCOMRAM 00000D
CCP_PWM_Stop@ret                            cstackCOMRAM 000010
CCP_PWM_set_DutyCycle@Duty_value            cstackBANK0  0000F5
CCP_PWM_set_DutyCycle@ccp_obj               cstackBANK0  0000F3
CCP_PWM_set_DutyCycle@l_duty_temp           cstackBANK0  0000FD
CCP_PWM_set_DutyCycle@ret                   cstackBANK0  0000F8
CCP_Timer_config@ccp_obj                    cstackCOMRAM 00000D
RB4_ISR@RB4_source                          cstackCOMRAM 000001
RB5_ISR@RB5_source                          cstackCOMRAM 000001
RB6_ISR@RB6_source                          cstackCOMRAM 000001
RB7_ISR@RB7_source                          cstackCOMRAM 000001
Timer2_init@TM2_obj                         cstackCOMRAM 00000D
Timer2_init@ret                             cstackCOMRAM 000010
_ADCON0bits                                 (abs)        000FC2
_ADCON1bits                                 (abs)        000FC1
_ADCON2bits                                 (abs)        000FC0
_ADC_ISR                                    text60       004470
_ADC_InterruptCallBack                      bssBANK0     0000AE
_ADC_Read_Result                            text62       003B60
_ADC_Select_Channel                         text44       0043FE
_ADC_StartConversion_INT                    text42       00433E
_ADC_Start_Conversion                       text43       0044C8
_ADC_callback                               text61       00456E
_ADC_configure_Channel                      text45       0036CA
_ADC_init                                   text32       0034BE
_ADRESH                                     (abs)        000FC4
_ADRESL                                     (abs)        000FC3
_CCP1CONbits                                (abs)        000FBD
_CCP1_ISR                                   text59       0045E6
_CCP1_InterruptHandeler                     bssBANK0     0000AC
_CCP2CONbits                                (abs)        000FBA
_CCP2_ISR                                   text58       0045E2
_CCP2_InterruptHandeler                     bssBANK0     0000AA
_CCPR1H                                     (abs)        000FBF
_CCPR1L                                     (abs)        000FBE
_CCPR2H                                     (abs)        000FBC
_CCPR2L                                     (abs)        000FBB
_CCP_Init                                   text27       00105E
_CCP_Init$4329                              cstackBANK1  00014D
_CCP_Init$4330                              cstackBANK1  000151
_CCP_PWM_Start                              text41       003FD4
_CCP_PWM_Stop                               text40       0040AE
_CCP_PWM_set_DutyCycle                      text34       0028B8
_CCP_PWM_set_DutyCycle$4298                 cstackBANK0  0000F9
_CCP_Timer_config                           text31       004114
_EEADR                                      (abs)        000FA9
_EEADRH                                     (abs)        000FAA
_EECON1bits                                 (abs)        000FA6
_EECON2                                     (abs)        000FA7
_EEDATA                                     (abs)        000FA8
_Flag                                       bssCOMRAM    00006D
_INT0_ISR                                   text57       0045DE
_INT1_ISR                                   text56       0045DA
_INT2_ISR                                   text55       0045D6
_INTCON2bits                                (abs)        000FF1
_INTCON3bits                                (abs)        000FF0
_INTCONbits                                 (abs)        000FF2
_INTx_Call_Back                             bssBANK0     000090
_Interrupt_manager                          intcode      000008
_LATA                                       (abs)        000F89
_LATB                                       (abs)        000F8A
_LATC                                       (abs)        000F8B
_LATD                                       (abs)        000F8C
_LATE                                       (abs)        000F8D
_Lm35                                       dataBANK0    0000EA
_Macl_initialize                            text25       0044A0
_PIE1bits                                   (abs)        000F9D
_PIE2bits                                   (abs)        000FA0
_PIR1bits                                   (abs)        000F9E
_PIR2bits                                   (abs)        000FA1
_PORTA                                      (abs)        000F80
_PORTB                                      (abs)        000F81
_PORTBbits                                  (abs)        000F81
_PORTC                                      (abs)        000F82
_PORTD                                      (abs)        000F83
_PORTE                                      (abs)        000F84
_PR2                                        (abs)        000FCB
_RB4_ISR                                    text54       004554
_RB5_ISR                                    text53       00453A
_RB6_ISR                                    text52       004520
_RB7_ISR                                    text51       004506
_RBx_Call_Back                              bssBANK0     000080
_RBx_flag                                   bssCOMRAM    000067
_T0CONbits                                  (abs)        000FD5
_T1CONbits                                  (abs)        000FCD
_T2CONbits                                  (abs)        000FCA
_T3CONbits                                  (abs)        000FB1
_TIMER0_ISR                                 text50       0045B6
_TIMER1_ISR                                 text49       0045A8
_TIMER2_ISR                                 text48       0045CE
_TIMER3_ISR                                 text47       00459A
_TMR0H                                      (abs)        000FD7
_TMR0L                                      (abs)        000FD6
_TMR1H                                      (abs)        000FCF
_TMR1L                                      (abs)        000FCE
_TMR2                                       (abs)        000FCC
_TMR3H                                      (abs)        000FB3
_TMR3L                                      (abs)        000FB2
_TRISA                                      (abs)        000F92
_TRISB                                      (abs)        000F93
_TRISC                                      (abs)        000F94
_TRISD                                      (abs)        000F95
_TRISE                                      (abs)        000F96
_Temp_value                                 bssBANK1     000131
_Timer0InterruptHandeler                    bssBANK0     0000A6
_Timer1InterruptHandeler                    bssBANK0     0000A2
_Timer2InterruptHandeler                    bssBANK0     00009E
_Timer2_init                                text26       003C10
_Timer3InterruptHandeler                    bssBANK0     00009C
__HRAM                                      (abs)        000000
__H__absolute__                             __absolute__ 000000
__Habs1                                     abs1         000000
__Hbank0                                    bank0        000000
__Hbank1                                    bank1        000000
__Hbank10                                   bank10       000000
__Hbank11                                   bank11       000000
__Hbank12                                   bank12       000000
__Hbank13                                   bank13       000000
__Hbank14                                   bank14       000000
__Hbank15                                   bank15       000000
__Hbank2                                    bank2        000000
__Hbank3                                    bank3        000000
__Hbank4                                    bank4        000000
__Hbank5                                    bank5        000000
__Hbank6                                    bank6        000000
__Hbank7                                    bank7        000000
__Hbank8                                    bank8        000000
__Hbank9                                    bank9        000000
__Hbigbss                                   bigbss       000000
__Hbigdata                                  bigdata      000000
__Hbigram                                   bigram       000000
__Hbigsfr                                   bigsfr       000000
__Hbss                                      bss          000000
__HbssBANK0                                 bssBANK0     000000
__HbssBANK1                                 bssBANK1     000000
__HbssCOMRAM                                bssCOMRAM    000000
__Hcinit                                    cinit        000000
__Hclrtext                                  clrtext      000000
__Hcomram                                   comram       000000
__Hconfig                                   config       30000E
__Hconst                                    const        000000
__HcstackBANK0                              cstackBANK0  000000
__HcstackBANK1                              cstackBANK1  000000
__HcstackCOMRAM                             cstackCOMRAM 000000
__Hdata                                     data         000000
__HdataBANK0                                dataBANK0    000000
__HdataBANK1                                dataBANK1    000000
__Heeprom_data                              eeprom_data  000000
__Hfarbss                                   farbss       000000
__Hfardata                                  fardata      000000
__Hheap                                     heap         000000
__Hibigdata                                 ibigdata     000000
__Hidata                                    idata        000000
__HidataBANK0                               idataBANK0   000000
__HidataBANK1                               idataBANK1   000000
__Hidloc                                    idloc        000000
__Hifardata                                 ifardata     000000
__Hinit                                     init         000012
__Hintcode                                  intcode      00000E
__Hintcode_body                             intcode_body 000000
__Hintcodelo                                intcodelo    00000E
__Hintentry                                 intentry     000000
__Hintret                                   intret       000000
__Hintsave_regs                             intsave_regs 000000
__Hirdata                                   irdata       000000
__Hmediumconst                              mediumconst  000000
__HnvBANK0                                  nvBANK0      000000
__HnvFARRAM                                 nvFARRAM     000000
__Hnvbit                                    nvbit        000000
__Hnvrram                                   nvrram       000000
__Hparam                                    rparam       000000
__Hpowerup                                  powerup      00000E
__Hram                                      ram          000000
__Hramtop                                   ramtop       001000
__Hrbit                                     rbit         000000
__Hrbss                                     rbss         000000
__Hrdata                                    rdata        000000
__Hreset_vec                                reset_vec    000004
__Hrparam                                   rparam       000000
__Hsfr                                      sfr          000000
__Hsmallconst                               smallconst   00105E
__Hspace_0                                  (abs)        0045EC
__Hspace_1                                  (abs)        000156
__Hspace_2                                  (abs)        000000
__Hspace_4                                  (abs)        60000E
__Hstack                                    stack        000000
__Hstruct                                   struct       000000
__Htemp                                     temp         000074
__Htext                                     text         000000
__Htext0                                    text0        000000
__Htext1                                    text1        000000
__Htext10                                   text10       000000
__Htext11                                   text11       000000
__Htext12                                   text12       000000
__Htext13                                   text13       000000
__Htext14                                   text14       000000
__Htext15                                   text15       000000
__Htext16                                   text16       000000
__Htext17                                   text17       000000
__Htext18                                   text18       000000
__Htext19                                   text19       000000
__Htext2                                    text2        000000
__Htext20                                   text20       000000
__Htext21                                   text21       000000
__Htext22                                   text22       000000
__Htext23                                   text23       000000
__Htext24                                   text24       000000
__Htext25                                   text25       000000
__Htext26                                   text26       000000
__Htext27                                   text27       000000
__Htext28                                   text28       000000
__Htext29                                   text29       000000
__Htext3                                    text3        000000
__Htext30                                   text30       000000
__Htext31                                   text31       000000
__Htext32                                   text32       000000
__Htext33                                   text33       000000
__Htext34                                   text34       000000
__Htext35                                   text35       000000
__Htext36                                   text36       000000
__Htext37                                   text37       000000
__Htext38                                   text38       000000
__Htext39                                   text39       000000
__Htext4                                    text4        000000
__Htext40                                   text40       000000
__Htext41                                   text41       000000
__Htext42                                   text42       000000
__Htext43                                   text43       000000
__Htext44                                   text44       000000
__Htext45                                   text45       000000
__Htext47                                   text47       000000
__Htext48                                   text48       000000
__Htext49                                   text49       000000
__Htext5                                    text5        000000
__Htext50                                   text50       000000
__Htext51                                   text51       000000
__Htext52                                   text52       000000
__Htext53                                   text53       000000
__Htext54                                   text54       000000
__Htext55                                   text55       000000
__Htext56                                   text56       000000
__Htext57                                   text57       000000
__Htext58                                   text58       000000
__Htext59                                   text59       000000
__Htext6                                    text6        000000
__Htext60                                   text60       000000
__Htext61                                   text61       000000
__Htext62                                   text62       000000
__Htext63                                   text63       000000
__Htext7                                    text7        000000
__Htext8                                    text8        000000
__Htext9                                    text9        000000
__LRAM                                      (abs)        000001
__L__absolute__                             __absolute__ 000000
__Labs1                                     abs1         000000
__Lbank0                                    bank0        000000
__Lbank1                                    bank1        000000
__Lbank10                                   bank10       000000
__Lbank11                                   bank11       000000
__Lbank12                                   bank12       000000
__Lbank13                                   bank13       000000
__Lbank14                                   bank14       000000
__Lbank15                                   bank15       000000
__Lbank2                                    bank2        000000
__Lbank3                                    bank3        000000
__Lbank4                                    bank4        000000
__Lbank5                                    bank5        000000
__Lbank6                                    bank6        000000
__Lbank7                                    bank7        000000
__Lbank8                                    bank8        000000
__Lbank9                                    bank9        000000
__Lbigbss                                   bigbss       000000
__Lbigdata                                  bigdata      000000
__Lbigram                                   bigram       000000
__Lbigsfr                                   bigsfr       000000
__Lbss                                      bss          000000
__LbssBANK0                                 bssBANK0     000000
__LbssBANK1                                 bssBANK1     000000
__LbssCOMRAM                                bssCOMRAM    000000
__Lcinit                                    cinit        000000
__Lclrtext                                  clrtext      000000
__Lcomram                                   comram       000000
__Lconfig                                   config       000000
__Lconst                                    const        000000
__LcstackBANK0                              cstackBANK0  000000
__LcstackBANK1                              cstackBANK1  000000
__LcstackCOMRAM                             cstackCOMRAM 000000
__Ldata                                     data         000000
__LdataBANK0                                dataBANK0    000000
__LdataBANK1                                dataBANK1    000000
__Leeprom_data                              eeprom_data  000000
__Lfarbss                                   farbss       000000
__Lfardata                                  fardata      000000
__Lheap                                     heap         000000
__Libigdata                                 ibigdata     000000
__Lidata                                    idata        000000
__LidataBANK0                               idataBANK0   000000
__LidataBANK1                               idataBANK1   000000
__Lidloc                                    idloc        000000
__Lifardata                                 ifardata     000000
__Linit                                     init         00000E
__Lintcode                                  intcode      000008
__Lintcode_body                             intcode_body 000000
__Lintcodelo                                intcodelo    00000E
__Lintentry                                 intentry     000000
__Lintret                                   intret       000000
__Lintsave_regs                             intsave_regs 000000
__Lirdata                                   irdata       000000
__Lmediumconst                              mediumconst  000000
__LnvBANK0                                  nvBANK0      000000
__LnvFARRAM                                 nvFARRAM     000000
__Lnvbit                                    nvbit        000000
__Lnvrram                                   nvrram       000000
__Lparam                                    rparam       000000
__Lpowerup                                  powerup      00000E
__Lram                                      ram          000000
__Lramtop                                   ramtop       001000
__Lrbit                                     rbit         000000
__Lrbss                                     rbss         000000
__Lrdata                                    rdata        000000
__Lreset_vec                                reset_vec    000000
__Lrparam                                   rparam       000000
__Lsfr                                      sfr          000000
__Lsmallconst                               smallconst   001000
__Lspace_0                                  (abs)        000000
__Lspace_1                                  (abs)        000000
__Lspace_2                                  (abs)        000000
__Lspace_4                                  (abs)        000000
__Lstack                                    stack        000000
__Lstruct                                   struct       000000
__Ltemp                                     temp         000073
__Ltext                                     text         000000
__Ltext0                                    text0        000000
__Ltext1                                    text1        000000
__Ltext10                                   text10       000000
__Ltext11                                   text11       000000
__Ltext12                                   text12       000000
__Ltext13                                   text13       000000
__Ltext14                                   text14       000000
__Ltext15                                   text15       000000
__Ltext16                                   text16       000000
__Ltext17                                   text17       000000
__Ltext18                                   text18       000000
__Ltext19                                   text19       000000
__Ltext2                                    text2        000000
__Ltext20                                   text20       000000
__Ltext21                                   text21       000000
__Ltext22                                   text22       000000
__Ltext23                                   text23       000000
__Ltext24                                   text24       000000
__Ltext25                                   text25       000000
__Ltext26                                   text26       000000
__Ltext27                                   text27       000000
__Ltext28                                   text28       000000
__Ltext29                                   text29       000000
__Ltext3                                    text3        000000
__Ltext30                                   text30       000000
__Ltext31                                   text31       000000
__Ltext32                                   text32       000000
__Ltext33                                   text33       000000
__Ltext34                                   text34       000000
__Ltext35                                   text35       000000
__Ltext36                                   text36       000000
__Ltext37                                   text37       000000
__Ltext38                                   text38       000000
__Ltext39                                   text39       000000
__Ltext4                                    text4        000000
__Ltext40                                   text40       000000
__Ltext41                                   text41       000000
__Ltext42                                   text42       000000
__Ltext43                                   text43       000000
__Ltext44                                   text44       000000
__Ltext45                                   text45       000000
__Ltext47                                   text47       000000
__Ltext48                                   text48       000000
__Ltext49                                   text49       000000
__Ltext5                                    text5        000000
__Ltext50                                   text50       000000
__Ltext51                                   text51       000000
__Ltext52                                   text52       000000
__Ltext53                                   text53       000000
__Ltext54                                   text54       000000
__Ltext55                                   text55       000000
__Ltext56                                   text56       000000
__Ltext57                                   text57       000000
__Ltext58                                   text58       000000
__Ltext59                                   text59       000000
__Ltext6                                    text6        000000
__Ltext60                                   text60       000000
__Ltext61                                   text61       000000
__Ltext62                                   text62       000000
__Ltext63                                   text63       000000
__Ltext7                                    text7        000000
__Ltext8                                    text8        000000
__Ltext9                                    text9        000000
__S0                                        (abs)        0045EC
__S1                                        (abs)        000156
__S4                                        (abs)        000000
__S5                                        (abs)        000000
___awdiv                                    text17       003870
___awdiv@counter                            cstackCOMRAM 000011
___awdiv@dividend                           cstackCOMRAM 00000D
___awdiv@divisor                            cstackCOMRAM 00000F
___awdiv@quotient                           cstackCOMRAM 000013
___awdiv@sign                               cstackCOMRAM 000012
___awmod                                    text16       003AB0
___awmod@counter                            cstackCOMRAM 000011
___awmod@dividend                           cstackCOMRAM 00000D
___awmod@divisor                            cstackCOMRAM 00000F
___awmod@sign                               cstackCOMRAM 000012
___fladd                                    text39       0015BE
___fladd@a                                  cstackCOMRAM 000051
___fladd@aexp                               cstackCOMRAM 00005A
___fladd@b                                  cstackCOMRAM 00004D
___fladd@bexp                               cstackCOMRAM 00005B
___fladd@grs                                cstackCOMRAM 00005C
___fladd@signs                              cstackCOMRAM 000059
___fldiv                                    text38       001EA8
___fldiv@a                                  cstackCOMRAM 000038
___fldiv@aexp                               cstackCOMRAM 00004C
___fldiv@b                                  cstackCOMRAM 000034
___fldiv@bexp                               cstackCOMRAM 00004B
___fldiv@grs                                cstackCOMRAM 000047
___fldiv@new_exp                            cstackCOMRAM 000045
___fldiv@rem                                cstackCOMRAM 000040
___fldiv@sign                               cstackCOMRAM 000044
___flmul                                    text37       001A7E
___flmul@a                                  cstackCOMRAM 00001F
___flmul@aexp                               cstackCOMRAM 000028
___flmul@b                                  cstackCOMRAM 00001B
___flmul@bexp                               cstackCOMRAM 00002D
___flmul@grs                                cstackCOMRAM 000029
___flmul@prod                               cstackCOMRAM 00002E
___flmul@sign                               cstackCOMRAM 000027
___flmul@temp                               cstackCOMRAM 000032
___fltol                                    text36       0035C4
___fltol@exp1                               cstackCOMRAM 000066
___fltol@f1                                 cstackCOMRAM 00005D
___fltol@sign1                              cstackCOMRAM 000065
___heap_hi                                  (abs)        000000
___heap_lo                                  (abs)        000000
___inthi_sp                                 stack        000000
___intlo_sp                                 stack        000000
___lwdiv                                    text33       003EF2
___lwdiv@counter                            cstackCOMRAM 000013
___lwdiv@dividend                           cstackCOMRAM 00000D
___lwdiv@divisor                            cstackCOMRAM 00000F
___lwdiv@quotient                           cstackCOMRAM 000011
___param_bank                               (abs)        000000
___rparam_used                              (abs)        000001
___sp                                       stack        000000
___xxtofl                                   text35       002B30
___xxtofl@arg                               cstackCOMRAM 000017
___xxtofl@exp                               cstackCOMRAM 000016
___xxtofl@sign                              cstackCOMRAM 000015
___xxtofl@val                               cstackCOMRAM 00000D
__accesstop                                 (abs)        000080
__activetblptr                              (abs)        000003
__end_of_ADC_ISR                            text60       0044A0
__end_of_ADC_Read_Result                    text62       003C10
__end_of_ADC_Select_Channel                 text44       004438
__end_of_ADC_StartConversion_INT            text42       004380
__end_of_ADC_Start_Conversion               text43       0044EC
__end_of_ADC_callback                       text61       004588
__end_of_ADC_configure_Channel              text45       0037A6
__end_of_ADC_init                           text32       0035C4
__end_of_CCP1_ISR                           text59       0045EA
__end_of_CCP2_ISR                           text58       0045E6
__end_of_CCP_Init                           text27       0015BE
__end_of_CCP_PWM_Start                      text41       004042
__end_of_CCP_PWM_Stop                       text40       004114
__end_of_CCP_PWM_set_DutyCycle              text34       002B30
__end_of_CCP_Timer_config                   text31       004170
__end_of_INT0_ISR                           text57       0045E2
__end_of_INT1_ISR                           text56       0045DE
__end_of_INT2_ISR                           text55       0045DA
__end_of_Interrupt_manager                  intcode_body 0025C8
__end_of_Macl_initialize                    text25       0044C8
__end_of_RB4_ISR                            text54       00456E
__end_of_RB5_ISR                            text53       004554
__end_of_RB6_ISR                            text52       00453A
__end_of_RB7_ISR                            text51       004520
__end_of_TIMER0_ISR                         text50       0045C4
__end_of_TIMER1_ISR                         text49       0045B6
__end_of_TIMER2_ISR                         text48       0045D6
__end_of_TIMER3_ISR                         text47       0045A8
__end_of_Timer2_init                        text26       003CB0
__end_of___awdiv                            text17       003934
__end_of___awmod                            text16       003B60
__end_of___fladd                            text39       001A7E
__end_of___fldiv                            text38       002242
__end_of___flmul                            text37       001EA8
__end_of___fltol                            text36       0036CA
__end_of___lwdiv                            text33       003F66
__end_of___xxtofl                           text35       002CE4
__end_of__initialization                    cinit        003FCA
__end_of_abs                                text15       0043C0
__end_of_application_initialize             text19       0045CE
__end_of_btn_values                         smallconst   00100D
__end_of_convert_short_to_string            text6        003AB0
__end_of_dc_motor_initialize                text24       0043FE
__end_of_dc_motor_move_right                text5        0042FA
__end_of_dtoa                               text10       002E7A
__end_of_ecu_initialize                     text20       004506
__end_of_fputc                              text13       003870
__end_of_fputs                              text12       00433E
__end_of_gpio_pin_direction_initialize      text30       003134
__end_of_gpio_pin_initialize                text28       0040AE
__end_of_gpio_pin_write_logic               text29       0034BE
__end_of_lcd_8bit_initialize                text21       003266
__end_of_lcd_8bit_send_char                 text4        003DE2
__end_of_lcd_8bit_send_command              text22       003E78
__end_of_lcd_8bit_send_enable               text23       004268
__end_of_lcd_8bit_send_string               text3        003D4C
__end_of_lcd_8bit_send_string_pos           text1        0041CA
__end_of_lcd_8bit_set_cursor                text2        0039F6
__end_of_main                               text0        0028B8
__end_of_memset                             text18       002FF0
__end_of_pad                                text11       003EF2
__end_of_putch                              text14       0045EC
__end_of_sprintf                            text7        0042B4
__end_of_vfpfcnvrt                          text9        003392
__end_of_vfprintf                           text8        00421A
__initialization                            cinit        003F66
__mediumconst                               mediumconst  000000
__pbssBANK0                                 bssBANK0     000080
__pbssBANK1                                 bssBANK1     000100
__pbssCOMRAM                                bssCOMRAM    000067
__pcinit                                    cinit        003F66
__pcstackBANK0                              cstackBANK0  0000F3
__pcstackBANK1                              cstackBANK1  00014D
__pcstackCOMRAM                             cstackCOMRAM 000001
__pdataBANK0                                dataBANK0    0000BC
__pdataBANK1                                dataBANK1    00013C
__pidataBANK0                               idataBANK0   004438
__pidataBANK1                               idataBANK1   004588
__pintcode                                  intcode      000008
__pintcode_body                             intcode_body 002242
__pnvBANK0                                  nvBANK0      0000FF
__psmallconst                               smallconst   001000
__ptext0                                    text0        0025C8
__ptext1                                    text1        004170
__ptext10                                   text10       002CE4
__ptext11                                   text11       003E78
__ptext12                                   text12       0042FA
__ptext13                                   text13       0037A6
__ptext14                                   text14       0045EA
__ptext15                                   text15       004380
__ptext16                                   text16       003AB0
__ptext17                                   text17       003870
__ptext18                                   text18       002E7A
__ptext19                                   text19       0045C4
__ptext2                                    text2        003934
__ptext20                                   text20       0044EC
__ptext21                                   text21       003134
__ptext22                                   text22       003DE2
__ptext23                                   text23       00421A
__ptext24                                   text24       0043C0
__ptext25                                   text25       0044A0
__ptext26                                   text26       003C10
__ptext27                                   text27       00105E
__ptext28                                   text28       004042
__ptext29                                   text29       003392
__ptext3                                    text3        003CB0
__ptext30                                   text30       002FF0
__ptext31                                   text31       004114
__ptext32                                   text32       0034BE
__ptext33                                   text33       003EF2
__ptext34                                   text34       0028B8
__ptext35                                   text35       002B30
__ptext36                                   text36       0035C4
__ptext37                                   text37       001A7E
__ptext38                                   text38       001EA8
__ptext39                                   text39       0015BE
__ptext4                                    text4        003D4C
__ptext40                                   text40       0040AE
__ptext41                                   text41       003FD4
__ptext42                                   text42       00433E
__ptext43                                   text43       0044C8
__ptext44                                   text44       0043FE
__ptext45                                   text45       0036CA
__ptext47                                   text47       00459A
__ptext48                                   text48       0045CE
__ptext49                                   text49       0045A8
__ptext5                                    text5        0042B4
__ptext50                                   text50       0045B6
__ptext51                                   text51       004506
__ptext52                                   text52       004520
__ptext53                                   text53       00453A
__ptext54                                   text54       004554
__ptext55                                   text55       0045D6
__ptext56                                   text56       0045DA
__ptext57                                   text57       0045DE
__ptext58                                   text58       0045E2
__ptext59                                   text59       0045E6
__ptext6                                    text6        0039F6
__ptext60                                   text60       004470
__ptext61                                   text61       00456E
__ptext62                                   text62       003B60
__ptext63                                   text63       000000
__ptext7                                    text7        004268
__ptext8                                    text8        0041CA
__ptext9                                    text9        003266
__ramtop                                    ramtop       001000
__smallconst                                smallconst   001000
_abs                                        text15       004380
_application_initialize                     text19       0045C4
_btn_values                                 smallconst   001001
_ccp_obj                                    dataBANK0    0000D0
_convert_short_to_string                    text6        0039F6
_dbuf                                       bssBANK1     000111
_dc_motor_initialize                        text24       0043C0
_dc_motor_move_right                        text5        0042B4
_dtoa                                       text10       002CE4
_dtoa$3827                                  cstackCOMRAM 00002C
_ecu_initialize                             text20       0044EC
_flags                                      bssBANK0     0000B0
_fputc                                      text13       0037A6
_fputs                                      text12       0042FA
_gpio_pin_direction_initialize              text30       002FF0
_gpio_pin_initialize                        text28       004042
_gpio_pin_write_logic                       text29       003392
_kp1                                        dataBANK1    000146
_lat_registers                              dataBANK0    0000BC
_lcd_1                                      dataBANK0    0000E0
_lcd_8bit_initialize                        text21       003134
_lcd_8bit_send_char                         text4        003D4C
_lcd_8bit_send_command                      text22       003DE2
_lcd_8bit_send_enable                       text23       00421A
_lcd_8bit_send_string                       text3        003CB0
_lcd_8bit_send_string_pos                   text1        004170
_lcd_8bit_set_cursor                        text2        003934
_main                                       text0        0025C8
_memset                                     text18       002E7A
_motor_1                                    dataBANK0    0000F1
_pad                                        text11       003E78
_port_registers                             dataBANK1    00013C
_prec                                       bssBANK0     000098
_putch                                      text14       0045EA
_res1                                       bssBANK0     0000BA
_ret                                        nvBANK0      0000FF
_sprintf                                    text7        004268
_temp                                       bssCOMRAM    00006B
_timer0_preload                             bssBANK0     0000A4
_timer1_preload                             bssBANK0     0000A0
_timer2                                     bssBANK0     0000B5
_timer2_preload                             bssBANK0     0000B1
_timer3_preload                             bssBANK0     00009A
_tris_registers                             dataBANK0    0000C6
_vfpfcnvrt                                  text9        003266
_vfprintf                                   text8        0041CA
_width                                      bssBANK0     000096
abs@a                                       cstackCOMRAM 000013
btemp                                       temp         000073
convert_short_to_string@DataCounter         cstackBANK0  0000FA
convert_short_to_string@Temp_String         cstackBANK0  0000F3
convert_short_to_string@ret                 cstackBANK0  0000F9
convert_short_to_string@str                 cstackCOMRAM 000063
convert_short_to_string@value               cstackCOMRAM 000061
dc_motor_initialize@dc_motor                cstackCOMRAM 00001B
dc_motor_initialize@ret                     cstackCOMRAM 00001D
dc_motor_move_right@dc_motor                cstackCOMRAM 000017
dc_motor_move_right@ret                     cstackCOMRAM 000019
dtoa@d                                      cstackCOMRAM 00002A
dtoa@fp                                     cstackCOMRAM 000028
dtoa@i                                      cstackCOMRAM 000033
dtoa@p                                      cstackCOMRAM 00002E
dtoa@s                                      cstackCOMRAM 000032
dtoa@w                                      cstackCOMRAM 000030
end_of_initialization                       cinit        003FCA
fputc@c                                     cstackCOMRAM 00000D
fputc@fp                                    cstackCOMRAM 00000F
fputs@c                                     cstackCOMRAM 00001A
fputs@fp                                    cstackCOMRAM 000018
fputs@i                                     cstackCOMRAM 00001B
fputs@s                                     cstackCOMRAM 000016
gpio_pin_direction_initialize@pin           cstackCOMRAM 00000D
gpio_pin_direction_initialize@ret           cstackCOMRAM 000015
gpio_pin_initialize@pin                     cstackCOMRAM 000017
gpio_pin_initialize@ret                     cstackCOMRAM 00001A
gpio_pin_write_logic@log                    cstackCOMRAM 00000F
gpio_pin_write_logic@pin                    cstackCOMRAM 00000D
gpio_pin_write_logic@ret                    cstackCOMRAM 000016
int$flags                                   temp         000073
int_func                                    intcode_body 002242
intlevel0                                   text         000000
intlevel1                                   text         000000
intlevel2                                   text         000000
intlevel3                                   text         000000
isa$std                                     (abs)        000001
isa$xinst                                   (abs)        000000
lcd_8bit_initialize@i                       cstackCOMRAM 000025
lcd_8bit_initialize@lcd_obj                 cstackCOMRAM 000022
lcd_8bit_initialize@ret                     cstackCOMRAM 000027
lcd_8bit_send_char@chr                      cstackCOMRAM 00001C
lcd_8bit_send_char@i                        cstackCOMRAM 000020
lcd_8bit_send_char@lcd_obj                  cstackCOMRAM 00001A
lcd_8bit_send_char@ret                      cstackCOMRAM 00001F
lcd_8bit_send_command@command               cstackCOMRAM 00001C
lcd_8bit_send_command@i                     cstackCOMRAM 000020
lcd_8bit_send_command@lcd_obj               cstackCOMRAM 00001A
lcd_8bit_send_command@ret                   cstackCOMRAM 00001F
lcd_8bit_send_enable@lcd_obj                cstackCOMRAM 000017
lcd_8bit_send_enable@ret                    cstackCOMRAM 000019
lcd_8bit_send_string@lcd_obj                cstackCOMRAM 000022
lcd_8bit_send_string@ret                    cstackCOMRAM 000026
lcd_8bit_send_string@string                 cstackCOMRAM 000024
lcd_8bit_send_string_pos@column             cstackCOMRAM 00002C
lcd_8bit_send_string_pos@lcd_obj            cstackCOMRAM 000029
lcd_8bit_send_string_pos@ret                cstackCOMRAM 00002F
lcd_8bit_send_string_pos@row                cstackCOMRAM 00002B
lcd_8bit_send_string_pos@string             cstackCOMRAM 00002D
lcd_8bit_set_cursor@column                  cstackCOMRAM 000025
lcd_8bit_set_cursor@lcd_obj                 cstackCOMRAM 000022
lcd_8bit_set_cursor@ret                     cstackCOMRAM 000028
lcd_8bit_set_cursor@row                     cstackCOMRAM 000024
led_initialize@F3201                        bssCOMRAM    00006E
led_toggle@F3216                            bssBANK0     0000B2
led_turn_off@F3211                          bssBANK0     0000B3
led_turn_on@F3206                           bssBANK0     0000B4
memset@c                                    cstackCOMRAM 00000F
memset@dest                                 cstackCOMRAM 00000D
memset@k                                    cstackCOMRAM 000015
memset@n                                    cstackCOMRAM 000011
memset@s                                    cstackCOMRAM 000017
pad@buf                                     cstackCOMRAM 00001F
pad@fp                                      cstackCOMRAM 00001D
pad@i                                       cstackCOMRAM 000024
pad@p                                       cstackCOMRAM 000021
pad@w                                       cstackCOMRAM 000026
relay_initialize@F3197                      bssCOMRAM    000072
relay_toggle@F3212                          bssCOMRAM    00006F
relay_turn_off@F3207                        bssCOMRAM    000070
relay_turn_on@F3202                         bssCOMRAM    000071
sprintf@ap                                  cstackCOMRAM 000053
sprintf@f                                   cstackCOMRAM 000055
sprintf@fmt                                 cstackCOMRAM 00004D
sprintf@s                                   cstackCOMRAM 00004B
stackhi                                     (abs)        000000
stacklo                                     (abs)        000000
start                                       init         00000E
start_initialization                        cinit        003F66
ttemp5                                      temp         000074
ttemp6                                      temp         000077
ttemp7                                      temp         00007B
vfpfcnvrt@ap                                cstackCOMRAM 000039
vfpfcnvrt@convarg                           cstackCOMRAM 00003D
vfpfcnvrt@cp                                cstackCOMRAM 000041
vfpfcnvrt@fmt                               cstackCOMRAM 000037
vfpfcnvrt@fp                                cstackCOMRAM 000035
vfprintf@ap                                 cstackCOMRAM 000047
vfprintf@cfmt                               cstackCOMRAM 000049
vfprintf@fmt                                cstackCOMRAM 000045
vfprintf@fp                                 cstackCOMRAM 000043
wtemp8                                      temp         000074


MODULE INFORMATION

Module		Function		Class		Link	Load	Size
C:\Program Files\Microchip\xc8\v2.41\pic\sources\c99\common\awmod.c
		___awmod       		CODE           	3AB0	0000	176

C:\Program Files\Microchip\xc8\v2.41\pic\sources\c99\common\awmod.c estimated size: 176

MCAL_layer/Timer3/Timer3.c
		_TIMER3_ISR    		CODE           	459A	0000	14

MCAL_layer/Timer3/Timer3.c estimated size: 14

MCAL_layer/CCP/CCP1.c
		_CCP1_ISR      		CODE           	45E6	0000	4
		_CCP_Init      		CODE           	105E	0000	1376
		_CCP_Timer_config		CODE           	4114	0000	92
		_CCP2_ISR      		CODE           	45E2	0000	4
		_CCP_PWM_Stop  		CODE           	40AE	0000	102
		_CCP_PWM_Start 		CODE           	3FD4	0000	110
		_CCP_PWM_set_DutyCycle		CODE           	28B8	0000	632

MCAL_layer/CCP/CCP1.c estimated size: 2320

MCAL_layer/GPIO/hal_gpio.c
		_gpio_pin_write_logic		CODE           	3392	0000	300
		_gpio_pin_direction_initialize		CODE           	2FF0	0000	324
		_gpio_pin_initialize		CODE           	4042	0000	108

MCAL_layer/GPIO/hal_gpio.c estimated size: 732

MCAL_layer/Timer2/Timer2.c
		_TIMER2_ISR    		CODE           	45CE	0000	8
		_Timer2_init   		CODE           	3C10	0000	160

MCAL_layer/Timer2/Timer2.c estimated size: 168

C:\Program Files\Microchip\xc8\v2.41\pic\sources\c99\common\fltol.c
		___fltol       		CODE           	35C4	0000	262

C:\Program Files\Microchip\xc8\v2.41\pic\sources\c99\common\fltol.c estimated size: 262

C:\Program Files\Microchip\xc8\v2.41\pic\sources\c99\common\xxtofl.c
		___xxtofl      		CODE           	2B30	0000	436

C:\Program Files\Microchip\xc8\v2.41\pic\sources\c99\common\xxtofl.c estimated size: 436

MCAL_layer/Interrupt/mcal_Interrupt_manger.c
		_Interrupt_manager		CODE           	0008	0000	908

MCAL_layer/Interrupt/mcal_Interrupt_manger.c estimated size: 908

MCAL_layer/Timer1/Timer1.c
		_TIMER1_ISR    		CODE           	45A8	0000	14

MCAL_layer/Timer1/Timer1.c estimated size: 14

C:\Program Files\Microchip\xc8\v2.41\pic\sources\c99\common\nf_fputc.c
		_fputc         		CODE           	37A6	0000	202

C:\Program Files\Microchip\xc8\v2.41\pic\sources\c99\common\nf_fputc.c estimated size: 202

MCAL_layer/Interrupt/mcal_external_Interrupt.c
		_RB4_ISR       		CODE           	4554	0000	26
		_RB5_ISR       		CODE           	453A	0000	26
		_RB6_ISR       		CODE           	4520	0000	26
		_RB7_ISR       		CODE           	4506	0000	26
		_INT0_ISR      		CODE           	45DE	0000	4
		_INT1_ISR      		CODE           	45DA	0000	4
		_INT2_ISR      		CODE           	45D6	0000	4

MCAL_layer/Interrupt/mcal_external_Interrupt.c estimated size: 116

MCAL_layer/Timer0/Timer0.c
		_TIMER0_ISR    		CODE           	45B6	0000	14

MCAL_layer/Timer0/Timer0.c estimated size: 14

C:\Program Files\Microchip\xc8\v2.41\pic\sources\c99\common\memset.c
		_memset        		CODE           	2E7A	0000	374

C:\Program Files\Microchip\xc8\v2.41\pic\sources\c99\common\memset.c estimated size: 374

C:\Program Files\Microchip\xc8\v2.41\pic\sources\c99\common\nf_sprintf.c
		_sprintf       		CODE           	4268	0000	76

C:\Program Files\Microchip\xc8\v2.41\pic\sources\c99\common\nf_sprintf.c estimated size: 76

C:\Program Files\Microchip\xc8\v2.41\pic\sources\c99\common\sprcadd.c
		___fladd       		CODE           	15BE	0000	1216

C:\Program Files\Microchip\xc8\v2.41\pic\sources\c99\common\sprcadd.c estimated size: 1216

C:\Program Files\Microchip\xc8\v2.41\pic\sources\c99\common\lwdiv.c
		___lwdiv       		CODE           	3EF2	0000	116

C:\Program Files\Microchip\xc8\v2.41\pic\sources\c99\common\lwdiv.c estimated size: 116

C:\Program Files\Microchip\xc8\v2.41\pic\sources\c99\common\awdiv.c
		___awdiv       		CODE           	3870	0000	196

C:\Program Files\Microchip\xc8\v2.41\pic\sources\c99\common\awdiv.c estimated size: 196

ECU_layer/Char_lCD/ecu_chr_lcd.c
		_lcd_8bit_send_enable		CODE           	421A	0000	78
		_convert_short_to_string		CODE           	39F6	0000	186
		_lcd_8bit_set_cursor		CODE           	3934	0000	194
		_lcd_8bit_initialize		CODE           	3134	0000	306
		_lcd_8bit_send_string		CODE           	3CB0	0000	156
		_lcd_8bit_send_command		CODE           	3DE2	0000	150
		_lcd_8bit_send_string_pos		CODE           	4170	0000	90
		_lcd_8bit_send_char		CODE           	3D4C	0000	150

ECU_layer/Char_lCD/ecu_chr_lcd.c estimated size: 1310

C:\Program Files\Microchip\xc8\v2.41\pic\sources\c99\common\abs.c
		_abs           		CODE           	4380	0000	64

C:\Program Files\Microchip\xc8\v2.41\pic\sources\c99\common\abs.c estimated size: 64

C:\Program Files\Microchip\xc8\v2.41\pic\sources\c99\common\doprnt.c
		_vfpfcnvrt     		CODE           	3266	0000	300
		_pad           		CODE           	3E78	0000	122
		_dtoa          		CODE           	2CE4	0000	406
		_vfprintf      		CODE           	41CA	0000	80

C:\Program Files\Microchip\xc8\v2.41\pic\sources\c99\common\doprnt.c estimated size: 908

ECU_layer/ecu_initialize.c
		_ecu_initialize		CODE           	44EC	0000	26

ECU_layer/ecu_initialize.c estimated size: 26

shared
		_btn_values    		SMALLCONST     	1001	0000	12
		__initialization		CODE           	3F66	0000	100

shared estimated size: 112

C:\Program Files\Microchip\xc8\v2.41\pic\sources\c99\common\putch.c
		_putch         		CODE           	45EA	0000	2

C:\Program Files\Microchip\xc8\v2.41\pic\sources\c99\common\putch.c estimated size: 2

C:\Program Files\Microchip\xc8\v2.41\pic\sources\c99\common\nf_fputs.c
		_fputs         		CODE           	42FA	0000	68

C:\Program Files\Microchip\xc8\v2.41\pic\sources\c99\common\nf_fputs.c estimated size: 68

MCAL_layer/ADC/hal_ADC.c
		_ADC_Start_Conversion		CODE           	44C8	0000	36
		_ADC_Select_Channel		CODE           	43FE	0000	58
		_ADC_init      		CODE           	34BE	0000	262
		_ADC_Read_Result		CODE           	3B60	0000	176
		_ADC_configure_Channel		CODE           	36CA	0000	220
		_ADC_ISR       		CODE           	4470	0000	48
		_ADC_StartConversion_INT		CODE           	433E	0000	66

MCAL_layer/ADC/hal_ADC.c estimated size: 866

ECU_layer/DC_Motor/ecu_Dc_motor.c
		_dc_motor_initialize		CODE           	43C0	0000	62
		_dc_motor_move_right		CODE           	42B4	0000	70

ECU_layer/DC_Motor/ecu_Dc_motor.c estimated size: 132

application.c
		_application_initialize		CODE           	45C4	0000	10
		_main          		CODE           	25C8	0000	752

application.c estimated size: 762

MCAL_layer/Mcal_Initialize.c
		_ADC_callback  		CODE           	456E	0000	26
		_Macl_initialize		CODE           	44A0	0000	40

MCAL_layer/Mcal_Initialize.c estimated size: 66

C:\Program Files\Microchip\xc8\v2.41\pic\sources\c99\common\sprcmul.c
		___flmul       		CODE           	1A7E	0000	1066

C:\Program Files\Microchip\xc8\v2.41\pic\sources\c99\common\sprcmul.c estimated size: 1066

C:\Program Files\Microchip\xc8\v2.41\pic\sources\c99\common\sprcdiv.c
		___fldiv       		CODE           	1EA8	0000	922

C:\Program Files\Microchip\xc8\v2.41\pic\sources\c99\common\sprcdiv.c estimated size: 922

